// Jest Snapshot v1, https://goo.gl/fbAQLP

exports[`Releases Component renders correctly 1`] = `
.emotion-0 {
  display: -webkit-inline-box;
  display: -webkit-inline-flex;
  display: -ms-inline-flexbox;
  display: inline-flex;
  -webkit-flex-direction: column;
  -ms-flex-direction: column;
  flex-direction: column;
  position: relative;
  min-width: 0;
  padding: 0;
  margin: 0;
  border: 0;
  vertical-align: top;
  margin-top: 18px;
  min-width: 240px;
}

.emotion-0 input {
  font-size: 13px;
}

.emotion-1 {
  line-height: 1.4375em;
  font-family: Lato,sans-serif;
  font-weight: 400;
  font-size: 0.9286rem;
  color: rgba(10, 10, 11, 0.78);
  box-sizing: border-box;
  position: relative;
  cursor: text;
  display: -webkit-inline-box;
  display: -webkit-inline-flex;
  display: -ms-inline-flexbox;
  display: inline-flex;
  -webkit-align-items: center;
  -webkit-box-align: center;
  -ms-flex-align: center;
  align-items: center;
  position: relative;
}

.emotion-1.Mui-disabled {
  color: rgba(0, 0, 0, 0.38);
  cursor: default;
}

label+.emotion-1 {
  margin-top: 16px;
}

.emotion-1:after {
  border-bottom: 2px solid #337a87;
  left: 0;
  bottom: 0;
  content: "";
  position: absolute;
  right: 0;
  -webkit-transform: scaleX(0);
  -moz-transform: scaleX(0);
  -ms-transform: scaleX(0);
  transform: scaleX(0);
  -webkit-transition: -webkit-transform 200ms cubic-bezier(0.0, 0, 0.2, 1) 0ms;
  transition: transform 200ms cubic-bezier(0.0, 0, 0.2, 1) 0ms;
  pointer-events: none;
}

.emotion-1.Mui-focused:after {
  -webkit-transform: scaleX(1) translateX(0);
  -moz-transform: scaleX(1) translateX(0);
  -ms-transform: scaleX(1) translateX(0);
  transform: scaleX(1) translateX(0);
}

.emotion-1.Mui-error:before,
.emotion-1.Mui-error:after {
  border-bottom-color: #ab1000;
}

.emotion-1:before {
  border-bottom: 1px solid rgba(0, 0, 0, 0.42);
  left: 0;
  bottom: 0;
  content: "\\00a0";
  position: absolute;
  right: 0;
  -webkit-transition: border-bottom-color 200ms cubic-bezier(0.4, 0, 0.2, 1) 0ms;
  transition: border-bottom-color 200ms cubic-bezier(0.4, 0, 0.2, 1) 0ms;
  pointer-events: none;
}

.emotion-1:hover:not(.Mui-disabled, .Mui-error):before {
  border-bottom: 2px solid rgba(10, 10, 11, 0.78);
}

@media (hover: none) {
  .emotion-1:hover:not(.Mui-disabled, .Mui-error):before {
    border-bottom: 1px solid rgba(0, 0, 0, 0.42);
  }
}

.emotion-1.Mui-disabled:before {
  border-bottom-style: dotted;
}

.emotion-1:before {
  border-bottom: 1px solid rgb(224, 224, 224);
}

.emotion-1:hover:not($disabled):before {
  border-bottom: 2px solid #337a87!important;
}

.emotion-1:after {
  border-bottom: 2px solid #337a87;
}

.emotion-2 {
  display: -webkit-box;
  display: -webkit-flex;
  display: -ms-flexbox;
  display: flex;
  height: 0.01em;
  max-height: 2em;
  -webkit-align-items: center;
  -webkit-box-align: center;
  -ms-flex-align: center;
  align-items: center;
  white-space: nowrap;
  color: rgba(0, 0, 0, 0.54);
  margin-right: 8px;
}

.emotion-3 {
  -webkit-user-select: none;
  -moz-user-select: none;
  -ms-user-select: none;
  user-select: none;
  width: 1em;
  height: 1em;
  display: inline-block;
  fill: currentColor;
  -webkit-flex-shrink: 0;
  -ms-flex-negative: 0;
  flex-shrink: 0;
  -webkit-transition: fill 200ms cubic-bezier(0.4, 0, 0.2, 1) 0ms;
  transition: fill 200ms cubic-bezier(0.4, 0, 0.2, 1) 0ms;
  color: rgba(0, 0, 0, 0.26);
}

.emotion-3 iconButton {
  margin-right: 8px;
}

.emotion-4 {
  font: inherit;
  letter-spacing: inherit;
  color: currentColor;
  padding: 4px 0 5px;
  border: 0;
  box-sizing: content-box;
  background: none;
  height: 1.4375em;
  margin: 0;
  -webkit-tap-highlight-color: transparent;
  display: block;
  min-width: 0;
  width: 100%;
  -webkit-animation-name: mui-auto-fill-cancel;
  animation-name: mui-auto-fill-cancel;
  -webkit-animation-duration: 10ms;
  animation-duration: 10ms;
  padding-top: 1px;
}

.emotion-4::-webkit-input-placeholder {
  color: currentColor;
  opacity: 0.42;
  -webkit-transition: opacity 200ms cubic-bezier(0.4, 0, 0.2, 1) 0ms;
  transition: opacity 200ms cubic-bezier(0.4, 0, 0.2, 1) 0ms;
}

.emotion-4::-moz-placeholder {
  color: currentColor;
  opacity: 0.42;
  -webkit-transition: opacity 200ms cubic-bezier(0.4, 0, 0.2, 1) 0ms;
  transition: opacity 200ms cubic-bezier(0.4, 0, 0.2, 1) 0ms;
}

.emotion-4:-ms-input-placeholder {
  color: currentColor;
  opacity: 0.42;
  -webkit-transition: opacity 200ms cubic-bezier(0.4, 0, 0.2, 1) 0ms;
  transition: opacity 200ms cubic-bezier(0.4, 0, 0.2, 1) 0ms;
}

.emotion-4::-ms-input-placeholder {
  color: currentColor;
  opacity: 0.42;
  -webkit-transition: opacity 200ms cubic-bezier(0.4, 0, 0.2, 1) 0ms;
  transition: opacity 200ms cubic-bezier(0.4, 0, 0.2, 1) 0ms;
}

.emotion-4:focus {
  outline: 0;
}

.emotion-4:invalid {
  box-shadow: none;
}

.emotion-4::-webkit-search-decoration {
  -webkit-appearance: none;
}

label[data-shrink=false]+.MuiInputBase-formControl .emotion-4::-webkit-input-placeholder {
  opacity: 0!important;
}

label[data-shrink=false]+.MuiInputBase-formControl .emotion-4::-moz-placeholder {
  opacity: 0!important;
}

label[data-shrink=false]+.MuiInputBase-formControl .emotion-4:-ms-input-placeholder {
  opacity: 0!important;
}

label[data-shrink=false]+.MuiInputBase-formControl .emotion-4::-ms-input-placeholder {
  opacity: 0!important;
}

label[data-shrink=false]+.MuiInputBase-formControl .emotion-4:focus::-webkit-input-placeholder {
  opacity: 0.42;
}

label[data-shrink=false]+.MuiInputBase-formControl .emotion-4:focus::-moz-placeholder {
  opacity: 0.42;
}

label[data-shrink=false]+.MuiInputBase-formControl .emotion-4:focus:-ms-input-placeholder {
  opacity: 0.42;
}

label[data-shrink=false]+.MuiInputBase-formControl .emotion-4:focus::-ms-input-placeholder {
  opacity: 0.42;
}

.emotion-4.Mui-disabled {
  opacity: 1;
  -webkit-text-fill-color: rgba(0, 0, 0, 0.38);
}

.emotion-4:-webkit-autofill {
  -webkit-animation-duration: 5000s;
  animation-duration: 5000s;
  -webkit-animation-name: mui-auto-fill;
  animation-name: mui-auto-fill;
}

.emotion-5 {
  display: -webkit-inline-box;
  display: -webkit-inline-flex;
  display: -ms-inline-flexbox;
  display: inline-flex;
  border-radius: 4px;
}

.emotion-5 .MuiButtonGroup-grouped {
  min-width: 40px;
}

.emotion-5 .MuiButtonGroup-grouped:not(:first-of-type) {
  border-top-left-radius: 0;
  border-bottom-left-radius: 0;
}

.emotion-5 .MuiButtonGroup-grouped:not(:last-of-type) {
  border-top-right-radius: 0;
  border-bottom-right-radius: 0;
  border-right: 1px solid rgba(0, 0, 0, 0.23);
  border-color: rgba(51, 122, 135, 0.5);
}

.emotion-6 {
  display: -webkit-inline-box;
  display: -webkit-inline-flex;
  display: -ms-inline-flexbox;
  display: inline-flex;
  -webkit-align-items: center;
  -webkit-box-align: center;
  -ms-flex-align: center;
  align-items: center;
  -webkit-box-pack: center;
  -ms-flex-pack: center;
  -webkit-justify-content: center;
  justify-content: center;
  position: relative;
  box-sizing: border-box;
  -webkit-tap-highlight-color: transparent;
  background-color: transparent;
  outline: 0;
  border: 0;
  margin: 0;
  border-radius: 0;
  padding: 0;
  cursor: pointer;
  -webkit-user-select: none;
  -moz-user-select: none;
  -ms-user-select: none;
  user-select: none;
  vertical-align: middle;
  -moz-appearance: none;
  -webkit-appearance: none;
  -webkit-text-decoration: none;
  text-decoration: none;
  color: inherit;
  font-family: Lato,sans-serif;
  font-weight: 500;
  font-size: 0.7545rem;
  line-height: 1.75;
  text-transform: uppercase;
  min-width: 64px;
  padding: 4px 5px;
  border-radius: 4px;
  -webkit-transition: background-color 250ms cubic-bezier(0.4, 0, 0.2, 1) 0ms,box-shadow 250ms cubic-bezier(0.4, 0, 0.2, 1) 0ms,border-color 250ms cubic-bezier(0.4, 0, 0.2, 1) 0ms,color 250ms cubic-bezier(0.4, 0, 0.2, 1) 0ms;
  transition: background-color 250ms cubic-bezier(0.4, 0, 0.2, 1) 0ms,box-shadow 250ms cubic-bezier(0.4, 0, 0.2, 1) 0ms,border-color 250ms cubic-bezier(0.4, 0, 0.2, 1) 0ms,color 250ms cubic-bezier(0.4, 0, 0.2, 1) 0ms;
  color: #337a87;
  border-radius: 2px;
  font-size: 14px;
  font-weight: bold;
  padding: 10px 15px;
}

.emotion-6::-moz-focus-inner {
  border-style: none;
}

.emotion-6.Mui-disabled {
  pointer-events: none;
  cursor: default;
}

@media print {
  .emotion-6 {
    -webkit-print-color-adjust: exact;
    color-adjust: exact;
  }
}

.emotion-6:hover {
  -webkit-text-decoration: none;
  text-decoration: none;
  background-color: rgba(51, 122, 135, 0.04);
}

@media (hover: none) {
  .emotion-6:hover {
    background-color: transparent;
  }
}

.emotion-6.Mui-disabled {
  color: rgba(0, 0, 0, 0.26);
}

.emotion-6:hover {
  colors: #337a87;
}

.emotion-6.MuiButton-text {
  color: rgba(10, 10, 11, 0.78);
}

.emotion-7 {
  display: inherit;
  margin-right: -2px;
  margin-left: 8px;
}

.emotion-7>*:nth-of-type(1) {
  font-size: 18px;
}

.emotion-8 {
  -webkit-user-select: none;
  -moz-user-select: none;
  -ms-user-select: none;
  user-select: none;
  width: 1em;
  height: 1em;
  display: inline-block;
  fill: currentColor;
  -webkit-flex-shrink: 0;
  -ms-flex-negative: 0;
  flex-shrink: 0;
  -webkit-transition: fill 200ms cubic-bezier(0.4, 0, 0.2, 1) 0ms;
  transition: fill 200ms cubic-bezier(0.4, 0, 0.2, 1) 0ms;
  font-size: 1.3929rem;
}

.emotion-8 iconButton {
  margin-right: 8px;
}

.emotion-9 {
  overflow: hidden;
  pointer-events: none;
  position: absolute;
  z-index: 0;
  top: 0;
  right: 0;
  bottom: 0;
  left: 0;
  border-radius: inherit;
}

.emotion-13 {
  display: -webkit-inline-box;
  display: -webkit-inline-flex;
  display: -ms-inline-flexbox;
  display: inline-flex;
  -webkit-align-items: center;
  -webkit-box-align: center;
  -ms-flex-align: center;
  align-items: center;
  -webkit-box-pack: center;
  -ms-flex-pack: center;
  -webkit-justify-content: center;
  justify-content: center;
  position: relative;
  box-sizing: border-box;
  -webkit-tap-highlight-color: transparent;
  background-color: transparent;
  outline: 0;
  border: 0;
  margin: 0;
  border-radius: 0;
  padding: 0;
  cursor: pointer;
  -webkit-user-select: none;
  -moz-user-select: none;
  -ms-user-select: none;
  user-select: none;
  vertical-align: middle;
  -moz-appearance: none;
  -webkit-appearance: none;
  -webkit-text-decoration: none;
  text-decoration: none;
  color: inherit;
  font-family: Lato,sans-serif;
  font-weight: 500;
  font-size: 0.8125rem;
  line-height: 1.75;
  text-transform: uppercase;
  min-width: 64px;
  padding: 6px 16px;
  border-radius: 4px;
  -webkit-transition: background-color 250ms cubic-bezier(0.4, 0, 0.2, 1) 0ms,box-shadow 250ms cubic-bezier(0.4, 0, 0.2, 1) 0ms,border-color 250ms cubic-bezier(0.4, 0, 0.2, 1) 0ms,color 250ms cubic-bezier(0.4, 0, 0.2, 1) 0ms;
  transition: background-color 250ms cubic-bezier(0.4, 0, 0.2, 1) 0ms,box-shadow 250ms cubic-bezier(0.4, 0, 0.2, 1) 0ms,border-color 250ms cubic-bezier(0.4, 0, 0.2, 1) 0ms,color 250ms cubic-bezier(0.4, 0, 0.2, 1) 0ms;
  color: #fff;
  background-color: #5d0f43;
  box-shadow: 0px 3px 1px -2px rgba(0,0,0,0.2),0px 2px 2px 0px rgba(0,0,0,0.14),0px 1px 5px 0px rgba(0,0,0,0.12);
  border-radius: 2px;
  font-size: 14px;
  font-weight: bold;
}

.emotion-13::-moz-focus-inner {
  border-style: none;
}

.emotion-13.Mui-disabled {
  pointer-events: none;
  cursor: default;
}

@media print {
  .emotion-13 {
    -webkit-print-color-adjust: exact;
    color-adjust: exact;
  }
}

.emotion-13:hover {
  -webkit-text-decoration: none;
  text-decoration: none;
  background-color: rgb(65, 10, 46);
  box-shadow: 0px 2px 4px -1px rgba(0,0,0,0.2),0px 4px 5px 0px rgba(0,0,0,0.14),0px 1px 10px 0px rgba(0,0,0,0.12);
}

@media (hover: none) {
  .emotion-13:hover {
    background-color: #5d0f43;
  }
}

.emotion-13:active {
  box-shadow: 0px 5px 5px -3px rgba(0,0,0,0.2),0px 8px 10px 1px rgba(0,0,0,0.14),0px 3px 14px 2px rgba(0,0,0,0.12);
}

.emotion-13.Mui-focusVisible {
  box-shadow: 0px 3px 5px -1px rgba(0,0,0,0.2),0px 6px 10px 0px rgba(0,0,0,0.14),0px 1px 18px 0px rgba(0,0,0,0.12);
}

.emotion-13.Mui-disabled {
  color: rgba(0, 0, 0, 0.26);
  box-shadow: none;
  background-color: rgba(0, 0, 0, 0.12);
}

.emotion-13:hover {
  colors: #337a87;
}

.emotion-13.MuiButton-text {
  color: rgba(10, 10, 11, 0.78);
}

.emotion-14 {
  display: inherit;
  margin-right: 8px;
  margin-left: -4px;
}

.emotion-14>*:nth-of-type(1) {
  font-size: 20px;
}

.emotion-15 {
  -webkit-user-select: none;
  -moz-user-select: none;
  -ms-user-select: none;
  user-select: none;
  width: 1em;
  height: 1em;
  display: inline-block;
  fill: currentColor;
  -webkit-flex-shrink: 0;
  -ms-flex-negative: 0;
  flex-shrink: 0;
  -webkit-transition: fill 200ms cubic-bezier(0.4, 0, 0.2, 1) 0ms;
  transition: fill 200ms cubic-bezier(0.4, 0, 0.2, 1) 0ms;
  font-size: 1.1607rem;
}

.emotion-15 iconButton {
  margin-right: 8px;
}

.emotion-17 {
  color: rgba(0, 0, 0, 0.38);
  margin: 15px 0;
}

.emotion-18 {
  gap: 8px;
}

.emotion-20 {
  margin: 0;
  line-height: 1.5;
  font-family: Lato,sans-serif;
  font-weight: 400;
  font-size: 0.9286rem;
}

.emotion-21 {
  margin: 0;
  font-family: Lato,sans-serif;
  font-weight: 400;
  font-size: 0.8125rem;
  line-height: 1.43;
}

<div>
  <div
    class="repository"
  >
    <div
      class="flexbox column leftFixed"
    >
      <div
        class="repository-list flexbox column"
      >
        <div
          class="flexbox center-aligned"
        >
          <h3>
            Releases
          </h3>
          <div
            class="MuiFormControl-root MuiTextField-root emotion-0"
            style="margin-left: 30px; margin-top: 0px;"
          >
            <div
              class="MuiInputBase-root MuiInput-root MuiInput-underline MuiInputBase-colorPrimary MuiInputBase-formControl MuiInputBase-sizeSmall MuiInputBase-adornedStart emotion-1"
            >
              <div
                class="MuiInputAdornment-root MuiInputAdornment-positionStart MuiInputAdornment-standard MuiInputAdornment-sizeSmall emotion-2"
              >
                <span
                  class="notranslate"
                >
                  ​
                </span>
                <svg
                  aria-hidden="true"
                  class="MuiSvgIcon-root MuiSvgIcon-colorDisabled MuiSvgIcon-fontSizeSize emotion-3"
                  data-testid="SearchIcon"
                  focusable="false"
                  viewBox="0 0 24 24"
                >
                  <path
                    d="M15.5 14h-.79l-.28-.27C15.41 12.59 16 11.11 16 9.5 16 5.91 13.09 3 9.5 3S3 5.91 3 9.5 5.91 16 9.5 16c1.61 0 3.09-.59 4.23-1.57l.27.28v.79l5 4.99L20.49 19l-4.99-5zm-6 0C7.01 14 5 11.99 5 9.5S7.01 5 9.5 5 14 7.01 14 9.5 11.99 14 9.5 14z"
                  />
                </svg>
              </div>
              <input
                aria-invalid="false"
                class="MuiInputBase-input MuiInput-input MuiInputBase-inputSizeSmall MuiInputBase-inputAdornedStart emotion-4"
                id="mui-1"
                placeholder="Filter"
                type="text"
                value=""
              />
            </div>
          </div>
        </div>
        <div />
        <div
          class="MuiButtonGroup-root MuiButtonGroup-text muted emotion-5"
          role="group"
        >
          <button
            class="MuiButtonBase-root MuiButton-root MuiButton-text MuiButton-textPrimary MuiButton-sizeSmall MuiButton-textSizeSmall MuiButtonGroup-grouped MuiButtonGroup-groupedHorizontal MuiButtonGroup-groupedText MuiButtonGroup-groupedTextHorizontal MuiButtonGroup-groupedTextPrimary MuiButton-root MuiButton-text MuiButton-textPrimary MuiButton-sizeSmall MuiButton-textSizeSmall MuiButtonGroup-grouped MuiButtonGroup-groupedHorizontal MuiButtonGroup-groupedText MuiButtonGroup-groupedTextHorizontal MuiButtonGroup-groupedTextPrimary emotion-6"
            style="text-transform: none;"
            tabindex="0"
            type="button"
          >
            Name
            <span
              class="MuiButton-endIcon MuiButton-iconSizeSmall emotion-7"
            >
              <svg
                aria-hidden="true"
                class="MuiSvgIcon-root MuiSvgIcon-fontSizeMedium sortIcon true emotion-8"
                data-testid="SortIcon"
                focusable="false"
                viewBox="0 0 24 24"
              >
                <path
                  d="M3 18h6v-2H3v2zM3 6v2h18V6H3zm0 7h12v-2H3v2z"
                />
              </svg>
            </span>
            <span
              class="MuiTouchRipple-root emotion-9"
            />
          </button>
          <button
            class="MuiButtonBase-root MuiButton-root MuiButton-text MuiButton-textPrimary MuiButton-sizeSmall MuiButton-textSizeSmall MuiButtonGroup-grouped MuiButtonGroup-groupedHorizontal MuiButtonGroup-groupedText MuiButtonGroup-groupedTextHorizontal MuiButtonGroup-groupedTextPrimary MuiButton-root MuiButton-text MuiButton-textPrimary MuiButton-sizeSmall MuiButton-textSizeSmall MuiButtonGroup-grouped MuiButtonGroup-groupedHorizontal MuiButtonGroup-groupedText MuiButtonGroup-groupedTextHorizontal MuiButtonGroup-groupedTextPrimary emotion-6"
            style="text-transform: none;"
            tabindex="0"
            type="button"
          >
            <svg
              aria-hidden="true"
              class="MuiSvgIcon-root MuiSvgIcon-fontSizeMedium emotion-8"
              data-testid="ArrowDropDownIcon"
              focusable="false"
              viewBox="0 0 24 24"
            >
              <path
                d="m7 10 5 5 5-5z"
              />
            </svg>
            <span
              class="MuiTouchRipple-root emotion-9"
            />
          </button>
        </div>
        <div
          class="relative"
        >
          <div
            style="overflow: visible; height: 0px; width: 0px;"
          />
          <div
            class="resize-triggers"
          >
            <div
              class="expand-trigger"
            >
              <div
                style="width: 1px; height: 1px;"
              />
            </div>
            <div
              class="contract-trigger"
            />
          </div>
        </div>
      </div>
       
      <button
        class="MuiButtonBase-root MuiButton-root MuiButton-contained MuiButton-containedSecondary MuiButton-sizeMedium MuiButton-containedSizeMedium MuiButton-root MuiButton-contained MuiButton-containedSecondary MuiButton-sizeMedium MuiButton-containedSizeMedium emotion-13"
        style="margin-top: 30px; min-width: 164px; justify-self: left;"
        tabindex="0"
        type="button"
      >
        <span
          class="MuiButton-startIcon MuiButton-iconSizeMedium emotion-14"
        >
          <svg
            aria-hidden="true"
            class="MuiSvgIcon-root MuiSvgIcon-fontSizeSmall emotion-15"
            data-testid="CloudUploadIcon"
            focusable="false"
            viewBox="0 0 24 24"
          >
            <path
              d="M19.35 10.04C18.67 6.59 15.64 4 12 4 9.11 4 6.6 5.64 5.35 8.04 2.34 8.36 0 10.91 0 14c0 3.31 2.69 6 6 6h13c2.76 0 5-2.24 5-5 0-2.64-2.05-4.78-4.65-4.96zM14 13v4h-4v-4H7l5-5 5 5h-3z"
            />
          </svg>
        </span>
        Upload
        <span
          class="MuiTouchRipple-root emotion-9"
        />
      </button>
      <p
        class="emotion-17 icon flexbox center-aligned emotion-18 "
      >
        <svg
          aria-hidden="true"
          class="MuiSvgIcon-root MuiSvgIcon-fontSizeSmall emotion-15"
          data-testid="InfoOutlinedIcon"
          focusable="false"
          viewBox="0 0 24 24"
        >
          <path
            d="M11 7h2v2h-2zm0 4h2v6h-2zm1-9C6.48 2 2 6.48 2 12s4.48 10 10 10 10-4.48 10-10S17.52 2 12 2zm0 18c-4.41 0-8-3.59-8-8s3.59-8 8-8 8 3.59 8 8-3.59 8-8 8z"
          />
        </svg>
        Upload an Artifact to an existing or new Release
      </p>
    </div>
    <div
      class="relative release-repo margin-left"
      style="width: 100%;"
    >
      <div
        class="muted margin-bottom"
      >
        <p
          class="MuiTypography-root MuiTypography-body1 emotion-20"
          style="margin-bottom: 10px;"
        >
          Release:
        </p>
        <p
          class="MuiTypography-root MuiTypography-body2 emotion-21"
        >
          No release selected
        </p>
      </div>
      <div
        class="relative margin-top margin-right-small"
      >
        <div
          class="dashboard-placeholder fadeIn"
          style="font-size: 16px; margin: 8vh auto;"
        >
          <p>
            Select a Release on the left to view its Artifact details
          </p>
        </div>
      </div>
    </div>
  </div>
</div>
`;
