// Jest Snapshot v1, https://goo.gl/fbAQLP

exports[`Uploads Component renders correctly 1`] = `
.emotion-0 {
  position: fixed;
  display: grid;
  bottom: 0;
  grid-template-rows: min-content;
  height: -webkit-max-content;
  height: -moz-max-content;
  height: max-content;
  padding: 0 16pxpx;
  overflow: hidden;
  width: 100%;
  z-iindex: 10000px;
  -webkit-transition: all 0.2s ease-in-out;
  transition: all 0.2s ease-in-out;
}

.emotion-1 {
  position: relative;
  overflow: hidden;
  display: block;
  height: 4px;
  z-index: 0;
  background-color: rgb(177, 204, 209);
  background-color: #cfcfcf;
  grid-column: 1;
  margin: 15px 0;
}

@media print {
  .emotion-1 {
    -webkit-print-color-adjust: exact;
    color-adjust: exact;
  }
}

.emotion-2 {
  width: 100%;
  position: absolute;
  left: 0;
  bottom: 0;
  top: 0;
  -webkit-transition: -webkit-transform .4s linear;
  transition: transform .4s linear;
  transform-origin: left;
  background-color: #337a87;
}

<body>
  <div>
    <div
      class="emotion-0"
    >
      <span
        aria-valuemax="100"
        aria-valuemin="0"
        aria-valuenow="20"
        class="MuiLinearProgress-root MuiLinearProgress-colorPrimary MuiLinearProgress-determinate emotion-1"
        role="progressbar"
      >
        <span
          class="MuiLinearProgress-bar MuiLinearProgress-barColorPrimary MuiLinearProgress-bar1Determinate emotion-2"
          style="transform: translateX(-80%);"
        />
      </span>
    </div>
  </div>
</body>
`;
